// Jest Snapshot v1, https://goo.gl/fbAQLP

exports[`<Counter /> it renders 1`] = `
<span>
  10
</span>
`;
