// Jest Snapshot v1, https://goo.gl/fbAQLP

exports[`Puzzlehelper Interaction renders html 1`] = `
<div>
  <PuzzlehelperInteractionNode
    interactionState="INPUT"
    key="0"
    learnLanguageAlpha3="DEU"
    node={
      Object {
        "active": true,
        "attempt": Object {
          "feedbackType": null,
          "mistaken": false,
          "number": null,
          "pending": false,
          "selection": null,
          "solved": false,
          "text": null,
        },
        "isLastInteractiveNode": true,
        "targetChoices": Array [
          Object {
            "correct": true,
            "oddSolution": false,
            "sentence": "dog",
          },
        ],
        "text": null,
        "type": "gap",
      }
    }
    onAttempt={[Function]}
    onProceed={[Function]}
    onRetry={[Function]}
  />
  <styled.span
    color="spaceGray"
    dangerouslySetInnerHTML={
      Object {
        "__html": " der",
      }
    }
    key="1"
  />
</div>
`;
