// Jest Snapshot v1, https://goo.gl/fbAQLP

exports[`Parser Comprehension maps the data onto a different format 1`] = `
Object {
  "component": "comprehension",
  "mode": "Text",
  "traineritems": Array [
    Object {
      "id": 0,
      "image_id": null,
      "info_text": "",
      "l1_text": "This is some title",
      "l2_text": "",
      "sound_id": null,
      "speaker_role": null,
      "type": "title",
    },
    Object {
      "id": 0,
      "image_id": null,
      "info_text": "",
      "l1_text": "Audrey is sitting at the computer reading the latest news about the festival...",
      "l2_text": "",
      "sound_id": null,
      "speaker_role": null,
      "type": "description",
    },
    Object {
      "id": "e3a642e6e18cdb668b6639a3946ffcc4",
      "image_id": null,
      "info_text": "",
      "l1_text": "**Cannes : small piece of gossip before the awards ceremony**",
      "l2_text": "**Cannes : petit cancan avant la remise des prix**",
      "sound_id": null,
      "speaker_role": "NONE",
      "type": "Phrase",
    },
    Object {
      "id": "1a494c8a983a86e0258f4916cd1fa074",
      "image_id": null,
      "info_text": "",
      "l1_text": "from the \\"Gazette de Cannes\\"",
      "l2_text": "par \\"La Gazette de Cannes\\"",
      "sound_id": null,
      "speaker_role": "NONE",
      "type": "Phrase",
    },
    Object {
      "id": "9a1115b582b265b06692f038ecb3b2fa",
      "image_id": null,
      "info_text": "",
      "l1_text": "The festival ends on Saturday with the showing of \\"Mina\\", by Jean-Luc Godasse.",
      "l2_text": "Le festival s'ach√®ve samedi avec la projection de \\"Mina\\", de Jean-Luc Godasse.",
      "sound_id": null,
      "speaker_role": "NONE",
      "type": "Phrase",
    },
    Object {
      "id": "63e63811c7a714039e880daeb31e269b",
      "image_id": null,
      "info_text": "",
      "l1_text": "When does the festival finish? ((Sunday|This evening|*Saturday))",
      "l2_text": "",
      "sound_id": null,
      "speaker_role": null,
      "type": "Task",
    },
    Object {
      "id": "a47f8ccdabe18401d9ffc2f8525e3f81",
      "image_id": null,
      "info_text": "",
      "l1_text": "Who is the leading actor of the film \\"Mina\\"? ((a star|*a dog|Jean-Luc Godasse))",
      "l2_text": "",
      "sound_id": null,
      "speaker_role": null,
      "type": "Task",
    },
    Object {
      "id": "4f072cf656bf3a36d888016bda1f515c",
      "image_id": null,
      "info_text": "",
      "l1_text": "Will the dog make an appearance on the red carpet? ((*maybe|definitely not|yes, wearing a dress for certain))",
      "l2_text": "",
      "sound_id": null,
      "speaker_role": null,
      "type": "Task",
    },
  ],
  "translation": "Icon",
}
`;
