// Jest Snapshot v1, https://goo.gl/fbAQLP

exports[`<VocabularyTrainer /> renders with full props 1`] = `
.c0 {
  margin: 1rem auto 1rem;
  margin: clamp(1rem,6vw,4rem) auto 1rem;
}

.c2 {
  font-family: Milliard-SemiBold,sans-serif;
  color: #394149;
  font-weight: normal;
  line-height: 1.25;
  -webkit-letter-spacing: 0.031rem;
  -moz-letter-spacing: 0.031rem;
  -ms-letter-spacing: 0.031rem;
  letter-spacing: 0.031rem;
  text-align: center;
}

.c2 > strong,
.c2 > b {
  font-family: Milliard-SemiBold,sans-serif;
  font-weight: normal;
}

.c2 > em,
.c2 > i {
  font-family: Milliard-BookItalic,sans-serif;
  font-weight: normal;
  font-style: normal;
}

.c2 > strong em,
.c2 > b i {
  font-family: Milliard-MediumItalic,sans-serif;
  font-weight: normal;
}

.c7 {
  font-family: Milliard-Book,sans-serif;
  color: #70767c;
  font-weight: normal;
  line-height: 1.25;
  -webkit-letter-spacing: 0.031rem;
  -moz-letter-spacing: 0.031rem;
  -ms-letter-spacing: 0.031rem;
  letter-spacing: 0.031rem;
  text-align: inherit;
}

.c7 > strong,
.c7 > b {
  font-family: Milliard-SemiBold,sans-serif;
  font-weight: normal;
}

.c7 > em,
.c7 > i {
  font-family: Milliard-BookItalic,sans-serif;
  font-weight: normal;
  font-style: normal;
}

.c7 > strong em,
.c7 > b i {
  font-family: Milliard-MediumItalic,sans-serif;
  font-weight: normal;
}

.c3 {
  margin-bottom: 2rem;
}

.c3 > b,
.c3 > i {
  font-family: Milliard-MediumItalic,sans-serif;
}

.c4 {
  margin-left: 2.25rem;
  margin-right: 2.25rem;
  margin-bottom: rem(24);
}

.c1 {
  display: -webkit-box;
  display: -webkit-flex;
  display: -ms-flexbox;
  display: flex;
  -webkit-flex-direction: column;
  -ms-flex-direction: column;
  flex-direction: column;
  -webkit-align-items: center;
  -webkit-box-align: center;
  -ms-flex-align: center;
  align-items: center;
  padding: 0 1rem;
  margin: 0 auto;
  max-width: rem(640);
  width: 100%;
  box-sizing: border-box;
}

.c6 {
  font-size: 1.5rem;
  margin-bottom: 1rem;
}

.c5 {
  margin-bottom: 1.5rem;
  border-radius: 0.5rem;
  width: 140px;
  height: 140px;
}

@media (min-width:360px) {
  .c4 {
    margin-bottom: rem(32);
  }
}

@media (min-width:600px) {
  .c4 {
    margin-bottom: rem(48);
  }
}

@media (min-width:768px) {
  .c5 {
    width: 200px;
    height: 200px;
  }
}

<ServicesProvider(VocabularyTrainer)
  currentIndex={0}
  dictate={false}
  interaction={<MockInteraction />}
  interactionType="fillin"
  item={
    Object {
      "displayLanguageText": "Ask \\"for\\" a person with who. Who **are you**?",
      "id": "123",
      "image": Object {
        "id": "123",
      },
      "infoText": "This is a \\"formatted\\" info **text**",
      "learnLanguageText": "Frage \\"nach\\" einer Person mit ((wer)). ((Wer)) **bist du**?",
      "sound": Object {
        "id": "123",
      },
    }
  }
  onSoundPlayComplete={[Function]}
  onToggleTranslationVisibility={[MockFunction]}
  title={null}
  trainerState="READY"
  translationVisibility="full"
  translationVisible={true}
  translations={
    Object {
      "trainerTitle": Object {
        "dictatefillin": "Vocabulary DictateFillin Title",
        "dictatepuzzlehelper": "Vocabulary DictatePuzzlehelper Title",
        "dictatewordorder": "Vocabulary DictateWordorder Title",
        "fillin": "Vocabulary Fillin Title",
        "puzzlehelper": "Vocabulary Puzzlehelper Title",
        "wordorder": "Vocabulary Wordorder Title",
      },
    }
  }
>
  <VocabularyTrainer
    currentIndex={0}
    dictate={false}
    interaction={<MockInteraction />}
    interactionType="fillin"
    item={
      Object {
        "displayLanguageText": "Ask \\"for\\" a person with who. Who **are you**?",
        "id": "123",
        "image": Object {
          "id": "123",
        },
        "infoText": "This is a \\"formatted\\" info **text**",
        "learnLanguageText": "Frage \\"nach\\" einer Person mit ((wer)). ((Wer)) **bist du**?",
        "sound": Object {
          "id": "123",
        },
      }
    }
    onSoundPlayComplete={[Function]}
    onToggleTranslationVisibility={[MockFunction]}
    title={null}
    trainerState="READY"
    translationVisibility="full"
    translationVisible={true}
    translations={
      Object {
        "trainerTitle": Object {
          "dictatefillin": "Vocabulary DictateFillin Title",
          "dictatepuzzlehelper": "Vocabulary DictatePuzzlehelper Title",
          "dictatewordorder": "Vocabulary DictateWordorder Title",
          "fillin": "Vocabulary Fillin Title",
          "puzzlehelper": "Vocabulary Puzzlehelper Title",
          "wordorder": "Vocabulary Wordorder Title",
        },
      }
    }
  >
    <TranslationVisibilityToggle
      onClick={[MockFunction]}
      translationVisibility="full"
    />
    <styled.div>
      <div
        className="c0"
      >
        <styled.div
          data-selector="vocabulary-fillin"
        >
          <div
            className="c1"
            data-selector="vocabulary-fillin"
          >
            <TrainerTitle
              text="Vocabulary Fillin Title"
            >
              <Styled(Title)
                as="h1"
                color="spaceGray"
                dangerouslySetInnerHTML={
                  Object {
                    "__html": "Vocabulary Fillin Title",
                  }
                }
                data-selector="title"
                fontFamily="fontMilliardSemi"
                fontSize="big"
                textAlign="center"
              >
                <h1
                  className="c2 c3 c4"
                  color="spaceGray"
                  dangerouslySetInnerHTML={
                    Object {
                      "__html": "Vocabulary Fillin Title",
                    }
                  }
                  data-selector="title"
                  fontFamily="fontMilliardSemi"
                  fontSize="big"
                />
              </Styled(Title)>
            </TrainerTitle>
            <styled.img
              data-selector="image-with-sound"
              onClick={[Function]}
              src="mock-url-123.jpg"
            >
              <img
                className="c5"
                data-selector="image-with-sound"
                onClick={[Function]}
                src="mock-url-123.jpg"
              />
            </styled.img>
            <styled.div>
              <div
                className="c6"
              >
                <div
                  data-item-type="phrase"
                >
                  <div
                    data-selector="interactive"
                  >
                    <MockInteraction />
                  </div>
                </div>
              </div>
            </styled.div>
            <styled.span
              as="p"
              className="item-translation"
              color="spaceGrayW28"
              dangerouslySetInnerHTML={
                Object {
                  "__html": "Ask <i>for</i> a person with who. Who <b>are you</b>?",
                }
              }
              data-selector="item-translation"
              fontSize="base"
            >
              <p
                className="c7 item-translation"
                color="spaceGrayW28"
                dangerouslySetInnerHTML={
                  Object {
                    "__html": "Ask <i>for</i> a person with who. Who <b>are you</b>?",
                  }
                }
                data-selector="item-translation"
                fontSize="base"
              />
            </styled.span>
          </div>
        </styled.div>
      </div>
    </styled.div>
  </VocabularyTrainer>
</ServicesProvider(VocabularyTrainer)>
`;
